{
  "version": "1.5.0",
  "plugins_used": [
    {
      "name": "ArtifactoryDetector"
    },
    {
      "name": "AWSKeyDetector"
    },
    {
      "name": "AzureStorageKeyDetector"
    },
    {
      "name": "Base64HighEntropyString",
      "limit": 4.5
    },
    {
      "name": "BasicAuthDetector"
    },
    {
      "name": "CloudantDetector"
    },
    {
      "name": "DiscordBotTokenDetector"
    },
    {
      "name": "GitHubTokenDetector"
    },
    {
      "name": "GitLabTokenDetector"
    },
    {
      "name": "HexHighEntropyString",
      "limit": 3.0
    },
    {
      "name": "IbmCloudIamDetector"
    },
    {
      "name": "IbmCosHmacDetector"
    },
    {
      "name": "IPPublicDetector"
    },
    {
      "name": "JwtTokenDetector"
    },
    {
      "name": "KeywordDetector",
      "keyword_exclude": ""
    },
    {
      "name": "MailchimpDetector"
    },
    {
      "name": "NpmDetector"
    },
    {
      "name": "OpenAIDetector"
    },
    {
      "name": "PrivateKeyDetector"
    },
    {
      "name": "PypiTokenDetector"
    },
    {
      "name": "SendGridDetector"
    },
    {
      "name": "SlackDetector"
    },
    {
      "name": "SoftlayerDetector"
    },
    {
      "name": "SquareOAuthDetector"
    },
    {
      "name": "StripeDetector"
    },
    {
      "name": "TelegramBotTokenDetector"
    },
    {
      "name": "TwilioKeyDetector"
    }
  ],
  "filters_used": [
    {
      "path": "detect_secrets.filters.allowlist.is_line_allowlisted"
    },
    {
      "path": "detect_secrets.filters.common.is_baseline_file",
      "filename": "C:\\Users\\garyl\\repos\\cfa-projects\\building-with-agents-curriculum\\wfd-os\\.secrets.baseline"
    },
    {
      "path": "detect_secrets.filters.common.is_ignored_due_to_verification_policies",
      "min_level": 2
    },
    {
      "path": "detect_secrets.filters.heuristic.is_indirect_reference"
    },
    {
      "path": "detect_secrets.filters.heuristic.is_likely_id_string"
    },
    {
      "path": "detect_secrets.filters.heuristic.is_lock_file"
    },
    {
      "path": "detect_secrets.filters.heuristic.is_not_alphanumeric_string"
    },
    {
      "path": "detect_secrets.filters.heuristic.is_potential_uuid"
    },
    {
      "path": "detect_secrets.filters.heuristic.is_prefixed_with_dollar_sign"
    },
    {
      "path": "detect_secrets.filters.heuristic.is_sequential_string"
    },
    {
      "path": "detect_secrets.filters.heuristic.is_swagger_file"
    },
    {
      "path": "detect_secrets.filters.heuristic.is_templated_secret"
    },
    {
      "path": "detect_secrets.filters.regex.should_exclude_file",
      "pattern": [
        "archive/",
        "recovered-code/",
        "portal/student/node_modules/",
        "portal/student/\\.next/",
        "\\.git/"
      ]
    }
  ],
  "results": {
    ".env.example": [
      {
        "type": "Basic Auth Credentials",
        "filename": ".env.example",
        "hashed_secret": "203e0ee53fd19962fd80dee43531812e113e6938",
        "is_verified": false,
        "line_number": 29
      }
    ],
    ".secrets.baseline": [
      {
        "type": "Hex High Entropy String",
        "filename": ".secrets.baseline",
        "hashed_secret": "f676e1d76d3b4891b8b1a64570d9a52708ea9633",
        "is_verified": false,
        "line_number": 144
      },
      {
        "type": "Secret Keyword",
        "filename": ".secrets.baseline",
        "hashed_secret": "f676e1d76d3b4891b8b1a64570d9a52708ea9633",
        "is_verified": false,
        "line_number": 144
      },
      {
        "type": "Hex High Entropy String",
        "filename": ".secrets.baseline",
        "hashed_secret": "748f3a3449c68ca89226e7e9443370b00b4a684f",
        "is_verified": false,
        "line_number": 153
      },
      {
        "type": "Secret Keyword",
        "filename": ".secrets.baseline",
        "hashed_secret": "748f3a3449c68ca89226e7e9443370b00b4a684f",
        "is_verified": false,
        "line_number": 153
      },
      {
        "type": "Hex High Entropy String",
        "filename": ".secrets.baseline",
        "hashed_secret": "019b911eb5b7a4ac6a5ed5dfe1bf2f10f80bb02f",
        "is_verified": false,
        "line_number": 167
      },
      {
        "type": "Secret Keyword",
        "filename": ".secrets.baseline",
        "hashed_secret": "019b911eb5b7a4ac6a5ed5dfe1bf2f10f80bb02f",
        "is_verified": false,
        "line_number": 167
      },
      {
        "type": "Hex High Entropy String",
        "filename": ".secrets.baseline",
        "hashed_secret": "43fabbbf7131ef0f759ee89c999569d75fcf78b8",
        "is_verified": false,
        "line_number": 181
      },
      {
        "type": "Secret Keyword",
        "filename": ".secrets.baseline",
        "hashed_secret": "43fabbbf7131ef0f759ee89c999569d75fcf78b8",
        "is_verified": false,
        "line_number": 181
      },
      {
        "type": "Hex High Entropy String",
        "filename": ".secrets.baseline",
        "hashed_secret": "94820d2ee9a59fb51a2d12842071fdc662ef9ac3",
        "is_verified": false,
        "line_number": 195
      },
      {
        "type": "Secret Keyword",
        "filename": ".secrets.baseline",
        "hashed_secret": "94820d2ee9a59fb51a2d12842071fdc662ef9ac3",
        "is_verified": false,
        "line_number": 195
      },
      {
        "type": "Hex High Entropy String",
        "filename": ".secrets.baseline",
        "hashed_secret": "2660d4881eece11f1e3c933246680c3f4f7087b1",
        "is_verified": false,
        "line_number": 209
      },
      {
        "type": "Secret Keyword",
        "filename": ".secrets.baseline",
        "hashed_secret": "2660d4881eece11f1e3c933246680c3f4f7087b1",
        "is_verified": false,
        "line_number": 209
      },
      {
        "type": "Hex High Entropy String",
        "filename": ".secrets.baseline",
        "hashed_secret": "0bf73afb06e44c22e86f16663d48bbde7d449235",
        "is_verified": false,
        "line_number": 223
      },
      {
        "type": "Secret Keyword",
        "filename": ".secrets.baseline",
        "hashed_secret": "0bf73afb06e44c22e86f16663d48bbde7d449235",
        "is_verified": false,
        "line_number": 223
      },
      {
        "type": "Hex High Entropy String",
        "filename": ".secrets.baseline",
        "hashed_secret": "27b56f2537a6b4795413e2dc33d82446f76a8df5",
        "is_verified": false,
        "line_number": 237
      },
      {
        "type": "Secret Keyword",
        "filename": ".secrets.baseline",
        "hashed_secret": "27b56f2537a6b4795413e2dc33d82446f76a8df5",
        "is_verified": false,
        "line_number": 237
      },
      {
        "type": "Hex High Entropy String",
        "filename": ".secrets.baseline",
        "hashed_secret": "d6cc84e7599a33671a840e411f06f9e690b28739",
        "is_verified": false,
        "line_number": 251
      },
      {
        "type": "Secret Keyword",
        "filename": ".secrets.baseline",
        "hashed_secret": "d6cc84e7599a33671a840e411f06f9e690b28739",
        "is_verified": false,
        "line_number": 251
      },
      {
        "type": "Hex High Entropy String",
        "filename": ".secrets.baseline",
        "hashed_secret": "373cb0a40f374c45aa070557d95eec2df95e8fca",
        "is_verified": false,
        "line_number": 265
      },
      {
        "type": "Secret Keyword",
        "filename": ".secrets.baseline",
        "hashed_secret": "373cb0a40f374c45aa070557d95eec2df95e8fca",
        "is_verified": false,
        "line_number": 265
      },
      {
        "type": "Hex High Entropy String",
        "filename": ".secrets.baseline",
        "hashed_secret": "ad9b105262ad853c6d7c465968d620175292cad3",
        "is_verified": false,
        "line_number": 279
      },
      {
        "type": "Secret Keyword",
        "filename": ".secrets.baseline",
        "hashed_secret": "ad9b105262ad853c6d7c465968d620175292cad3",
        "is_verified": false,
        "line_number": 279
      },
      {
        "type": "Hex High Entropy String",
        "filename": ".secrets.baseline",
        "hashed_secret": "9944f2b14a99eae5a38aaf338ab8d4dd19e9b475",
        "is_verified": false,
        "line_number": 293
      },
      {
        "type": "Secret Keyword",
        "filename": ".secrets.baseline",
        "hashed_secret": "9944f2b14a99eae5a38aaf338ab8d4dd19e9b475",
        "is_verified": false,
        "line_number": 293
      }
    ],
    "docker-compose.dev.yml": [
      {
        "type": "Secret Keyword",
        "filename": "docker-compose.dev.yml",
        "hashed_secret": "203e0ee53fd19962fd80dee43531812e113e6938",
        "is_verified": false,
        "line_number": 32
      }
    ],
    "docs\\database\\wfdos-schema-inventory.md": [
      {
        "type": "Secret Keyword",
        "filename": "docs\\database\\wfdos-schema-inventory.md",
        "hashed_secret": "203e0ee53fd19962fd80dee43531812e113e6938",
        "is_verified": false,
        "line_number": 117
      },
      {
        "type": "Basic Auth Credentials",
        "filename": "docs\\database\\wfdos-schema-inventory.md",
        "hashed_secret": "203e0ee53fd19962fd80dee43531812e113e6938",
        "is_verified": false,
        "line_number": 129
      }
    ]
  },
  "generated_at": "2026-04-16T10:09:03Z"
}
