{
  "version": "1.5.0",
  "plugins_used": [
    {
      "name": "ArtifactoryDetector"
    },
    {
      "name": "AWSKeyDetector"
    },
    {
      "name": "AzureStorageKeyDetector"
    },
    {
      "name": "Base64HighEntropyString",
      "limit": 4.5
    },
    {
      "name": "BasicAuthDetector"
    },
    {
      "name": "CloudantDetector"
    },
    {
      "name": "DiscordBotTokenDetector"
    },
    {
      "name": "GitHubTokenDetector"
    },
    {
      "name": "GitLabTokenDetector"
    },
    {
      "name": "HexHighEntropyString",
      "limit": 3.0
    },
    {
      "name": "IbmCloudIamDetector"
    },
    {
      "name": "IbmCosHmacDetector"
    },
    {
      "name": "IPPublicDetector"
    },
    {
      "name": "JwtTokenDetector"
    },
    {
      "name": "KeywordDetector",
      "keyword_exclude": ""
    },
    {
      "name": "MailchimpDetector"
    },
    {
      "name": "NpmDetector"
    },
    {
      "name": "OpenAIDetector"
    },
    {
      "name": "PrivateKeyDetector"
    },
    {
      "name": "PypiTokenDetector"
    },
    {
      "name": "SendGridDetector"
    },
    {
      "name": "SlackDetector"
    },
    {
      "name": "SoftlayerDetector"
    },
    {
      "name": "SquareOAuthDetector"
    },
    {
      "name": "StripeDetector"
    },
    {
      "name": "TelegramBotTokenDetector"
    },
    {
      "name": "TwilioKeyDetector"
    }
  ],
  "filters_used": [
    {
      "path": "detect_secrets.filters.allowlist.is_line_allowlisted"
    },
    {
      "path": "detect_secrets.filters.common.is_baseline_file",
      "filename": "/home/gage/Documents/cfa/waifinder/wfd-os/.secrets.baseline"
    },
    {
      "path": "detect_secrets.filters.common.is_ignored_due_to_verification_policies",
      "min_level": 2
    },
    {
      "path": "detect_secrets.filters.heuristic.is_indirect_reference"
    },
    {
      "path": "detect_secrets.filters.heuristic.is_likely_id_string"
    },
    {
      "path": "detect_secrets.filters.heuristic.is_lock_file"
    },
    {
      "path": "detect_secrets.filters.heuristic.is_not_alphanumeric_string"
    },
    {
      "path": "detect_secrets.filters.heuristic.is_potential_uuid"
    },
    {
      "path": "detect_secrets.filters.heuristic.is_prefixed_with_dollar_sign"
    },
    {
      "path": "detect_secrets.filters.heuristic.is_sequential_string"
    },
    {
      "path": "detect_secrets.filters.heuristic.is_swagger_file"
    },
    {
      "path": "detect_secrets.filters.heuristic.is_templated_secret"
    },
    {
      "path": "detect_secrets.filters.regex.should_exclude_file",
      "pattern": [
        "archive/",
        "recovered-code/",
        "portal/student/node_modules/",
        "portal/student/\\.next/",
        "\\.git/"
      ]
    }
  ],
  "results": {
    ".env.example": [
      {
        "type": "Basic Auth Credentials",
        "filename": ".env.example",
        "hashed_secret": "203e0ee53fd19962fd80dee43531812e113e6938",
        "is_verified": false,
        "line_number": 29
      }
    ],
    ".secrets.baseline": [
      {
        "type": "Hex High Entropy String",
        "filename": ".secrets.baseline",
        "hashed_secret": "f676e1d76d3b4891b8b1a64570d9a52708ea9633",
        "is_verified": false,
        "line_number": 144
      },
      {
        "type": "Secret Keyword",
        "filename": ".secrets.baseline",
        "hashed_secret": "f676e1d76d3b4891b8b1a64570d9a52708ea9633",
        "is_verified": false,
        "line_number": 144
      },
      {
        "type": "Hex High Entropy String",
        "filename": ".secrets.baseline",
        "hashed_secret": "748f3a3449c68ca89226e7e9443370b00b4a684f",
        "is_verified": false,
        "line_number": 153
      },
      {
        "type": "Secret Keyword",
        "filename": ".secrets.baseline",
        "hashed_secret": "748f3a3449c68ca89226e7e9443370b00b4a684f",
        "is_verified": false,
        "line_number": 153
      },
      {
        "type": "Hex High Entropy String",
        "filename": ".secrets.baseline",
        "hashed_secret": "019b911eb5b7a4ac6a5ed5dfe1bf2f10f80bb02f",
        "is_verified": false,
        "line_number": 167
      },
      {
        "type": "Secret Keyword",
        "filename": ".secrets.baseline",
        "hashed_secret": "019b911eb5b7a4ac6a5ed5dfe1bf2f10f80bb02f",
        "is_verified": false,
        "line_number": 167
      },
      {
        "type": "Hex High Entropy String",
        "filename": ".secrets.baseline",
        "hashed_secret": "43fabbbf7131ef0f759ee89c999569d75fcf78b8",
        "is_verified": false,
        "line_number": 181
      },
      {
        "type": "Secret Keyword",
        "filename": ".secrets.baseline",
        "hashed_secret": "43fabbbf7131ef0f759ee89c999569d75fcf78b8",
        "is_verified": false,
        "line_number": 181
      },
      {
        "type": "Hex High Entropy String",
        "filename": ".secrets.baseline",
        "hashed_secret": "94820d2ee9a59fb51a2d12842071fdc662ef9ac3",
        "is_verified": false,
        "line_number": 195
      },
      {
        "type": "Secret Keyword",
        "filename": ".secrets.baseline",
        "hashed_secret": "94820d2ee9a59fb51a2d12842071fdc662ef9ac3",
        "is_verified": false,
        "line_number": 195
      },
      {
        "type": "Hex High Entropy String",
        "filename": ".secrets.baseline",
        "hashed_secret": "2660d4881eece11f1e3c933246680c3f4f7087b1",
        "is_verified": false,
        "line_number": 209
      },
      {
        "type": "Secret Keyword",
        "filename": ".secrets.baseline",
        "hashed_secret": "2660d4881eece11f1e3c933246680c3f4f7087b1",
        "is_verified": false,
        "line_number": 209
      },
      {
        "type": "Hex High Entropy String",
        "filename": ".secrets.baseline",
        "hashed_secret": "0bf73afb06e44c22e86f16663d48bbde7d449235",
        "is_verified": false,
        "line_number": 223
      },
      {
        "type": "Secret Keyword",
        "filename": ".secrets.baseline",
        "hashed_secret": "0bf73afb06e44c22e86f16663d48bbde7d449235",
        "is_verified": false,
        "line_number": 223
      },
      {
        "type": "Hex High Entropy String",
        "filename": ".secrets.baseline",
        "hashed_secret": "27b56f2537a6b4795413e2dc33d82446f76a8df5",
        "is_verified": false,
        "line_number": 237
      },
      {
        "type": "Secret Keyword",
        "filename": ".secrets.baseline",
        "hashed_secret": "27b56f2537a6b4795413e2dc33d82446f76a8df5",
        "is_verified": false,
        "line_number": 237
      },
      {
        "type": "Hex High Entropy String",
        "filename": ".secrets.baseline",
        "hashed_secret": "d6cc84e7599a33671a840e411f06f9e690b28739",
        "is_verified": false,
        "line_number": 251
      },
      {
        "type": "Secret Keyword",
        "filename": ".secrets.baseline",
        "hashed_secret": "d6cc84e7599a33671a840e411f06f9e690b28739",
        "is_verified": false,
        "line_number": 251
      },
      {
        "type": "Hex High Entropy String",
        "filename": ".secrets.baseline",
        "hashed_secret": "373cb0a40f374c45aa070557d95eec2df95e8fca",
        "is_verified": false,
        "line_number": 265
      },
      {
        "type": "Secret Keyword",
        "filename": ".secrets.baseline",
        "hashed_secret": "373cb0a40f374c45aa070557d95eec2df95e8fca",
        "is_verified": false,
        "line_number": 265
      },
      {
        "type": "Hex High Entropy String",
        "filename": ".secrets.baseline",
        "hashed_secret": "ad9b105262ad853c6d7c465968d620175292cad3",
        "is_verified": false,
        "line_number": 279
      },
      {
        "type": "Secret Keyword",
        "filename": ".secrets.baseline",
        "hashed_secret": "ad9b105262ad853c6d7c465968d620175292cad3",
        "is_verified": false,
        "line_number": 279
      },
      {
        "type": "Hex High Entropy String",
        "filename": ".secrets.baseline",
        "hashed_secret": "9944f2b14a99eae5a38aaf338ab8d4dd19e9b475",
        "is_verified": false,
        "line_number": 293
      },
      {
        "type": "Secret Keyword",
        "filename": ".secrets.baseline",
        "hashed_secret": "9944f2b14a99eae5a38aaf338ab8d4dd19e9b475",
        "is_verified": false,
        "line_number": 293
      },
      {
        "type": "Hex High Entropy String",
        "filename": ".secrets.baseline",
        "hashed_secret": "0315654729016dab50c78f349b927332f9620632",
        "is_verified": false,
        "line_number": 307
      },
      {
        "type": "Secret Keyword",
        "filename": ".secrets.baseline",
        "hashed_secret": "0315654729016dab50c78f349b927332f9620632",
        "is_verified": false,
        "line_number": 307
      },
      {
        "type": "Hex High Entropy String",
        "filename": ".secrets.baseline",
        "hashed_secret": "0e60000219cb0d9169ddc631ebcee6360991d7b4",
        "is_verified": false,
        "line_number": 321
      },
      {
        "type": "Secret Keyword",
        "filename": ".secrets.baseline",
        "hashed_secret": "0e60000219cb0d9169ddc631ebcee6360991d7b4",
        "is_verified": false,
        "line_number": 321
      },
      {
        "type": "Hex High Entropy String",
        "filename": ".secrets.baseline",
        "hashed_secret": "172e6bbe9784313bfd2ffa96cac836c8bb7e6680",
        "is_verified": false,
        "line_number": 335
      },
      {
        "type": "Secret Keyword",
        "filename": ".secrets.baseline",
        "hashed_secret": "172e6bbe9784313bfd2ffa96cac836c8bb7e6680",
        "is_verified": false,
        "line_number": 335
      },
      {
        "type": "Hex High Entropy String",
        "filename": ".secrets.baseline",
        "hashed_secret": "9de3b4ab51c27a898d504887f72ba57a07bb92a0",
        "is_verified": false,
        "line_number": 349
      },
      {
        "type": "Secret Keyword",
        "filename": ".secrets.baseline",
        "hashed_secret": "9de3b4ab51c27a898d504887f72ba57a07bb92a0",
        "is_verified": false,
        "line_number": 349
      },
      {
        "type": "Hex High Entropy String",
        "filename": ".secrets.baseline",
        "hashed_secret": "0c8e03585cd461a909120395b86eb4015e0e79ba",
        "is_verified": false,
        "line_number": 363
      },
      {
        "type": "Secret Keyword",
        "filename": ".secrets.baseline",
        "hashed_secret": "0c8e03585cd461a909120395b86eb4015e0e79ba",
        "is_verified": false,
        "line_number": 363
      },
      {
        "type": "Hex High Entropy String",
        "filename": ".secrets.baseline",
        "hashed_secret": "cee2dc28c01fcd8762a678fac535e297b557a37e",
        "is_verified": false,
        "line_number": 377
      },
      {
        "type": "Secret Keyword",
        "filename": ".secrets.baseline",
        "hashed_secret": "cee2dc28c01fcd8762a678fac535e297b557a37e",
        "is_verified": false,
        "line_number": 377
      },
      {
        "type": "Hex High Entropy String",
        "filename": ".secrets.baseline",
        "hashed_secret": "c753376bd5b74369900193388b25dcb9d8458fd3",
        "is_verified": false,
        "line_number": 391
      },
      {
        "type": "Secret Keyword",
        "filename": ".secrets.baseline",
        "hashed_secret": "c753376bd5b74369900193388b25dcb9d8458fd3",
        "is_verified": false,
        "line_number": 391
      },
      {
        "type": "Hex High Entropy String",
        "filename": ".secrets.baseline",
        "hashed_secret": "7767d57d80ed4a7b68f9df8db12c77875fb93372",
        "is_verified": false,
        "line_number": 405
      },
      {
        "type": "Secret Keyword",
        "filename": ".secrets.baseline",
        "hashed_secret": "7767d57d80ed4a7b68f9df8db12c77875fb93372",
        "is_verified": false,
        "line_number": 405
      },
      {
        "type": "Hex High Entropy String",
        "filename": ".secrets.baseline",
        "hashed_secret": "a2a48506d7803416c9a6253f7413e904e8723d8a",
        "is_verified": false,
        "line_number": 419
      },
      {
        "type": "Secret Keyword",
        "filename": ".secrets.baseline",
        "hashed_secret": "a2a48506d7803416c9a6253f7413e904e8723d8a",
        "is_verified": false,
        "line_number": 419
      },
      {
        "type": "Hex High Entropy String",
        "filename": ".secrets.baseline",
        "hashed_secret": "a4c034b0368690f615681c195bd19eea7f4c24c0",
        "is_verified": false,
        "line_number": 433
      },
      {
        "type": "Secret Keyword",
        "filename": ".secrets.baseline",
        "hashed_secret": "a4c034b0368690f615681c195bd19eea7f4c24c0",
        "is_verified": false,
        "line_number": 433
      },
      {
        "type": "Hex High Entropy String",
        "filename": ".secrets.baseline",
        "hashed_secret": "04bb78d2a757f786b3034188af4e9d9540ec737e",
        "is_verified": false,
        "line_number": 447
      },
      {
        "type": "Secret Keyword",
        "filename": ".secrets.baseline",
        "hashed_secret": "04bb78d2a757f786b3034188af4e9d9540ec737e",
        "is_verified": false,
        "line_number": 447
      },
      {
        "type": "Hex High Entropy String",
        "filename": ".secrets.baseline",
        "hashed_secret": "3ba61f5be16114be4cb40c1ac25418b9f3eab2b0",
        "is_verified": false,
        "line_number": 461
      },
      {
        "type": "Secret Keyword",
        "filename": ".secrets.baseline",
        "hashed_secret": "3ba61f5be16114be4cb40c1ac25418b9f3eab2b0",
        "is_verified": false,
        "line_number": 461
      },
      {
        "type": "Hex High Entropy String",
        "filename": ".secrets.baseline",
        "hashed_secret": "ed510a21c254d1dc60efb61a8a919aef1893e561",
        "is_verified": false,
        "line_number": 475
      },
      {
        "type": "Secret Keyword",
        "filename": ".secrets.baseline",
        "hashed_secret": "ed510a21c254d1dc60efb61a8a919aef1893e561",
        "is_verified": false,
        "line_number": 475
      },
      {
        "type": "Hex High Entropy String",
        "filename": ".secrets.baseline",
        "hashed_secret": "d4ffdb3a722049605722da6a97d3cc1ef742bde3",
        "is_verified": false,
        "line_number": 489
      },
      {
        "type": "Secret Keyword",
        "filename": ".secrets.baseline",
        "hashed_secret": "d4ffdb3a722049605722da6a97d3cc1ef742bde3",
        "is_verified": false,
        "line_number": 489
      },
      {
        "type": "Hex High Entropy String",
        "filename": ".secrets.baseline",
        "hashed_secret": "84a6efd091f3df0499cddce7cb5ebb3912108f9f",
        "is_verified": false,
        "line_number": 503
      },
      {
        "type": "Secret Keyword",
        "filename": ".secrets.baseline",
        "hashed_secret": "84a6efd091f3df0499cddce7cb5ebb3912108f9f",
        "is_verified": false,
        "line_number": 503
      },
      {
        "type": "Hex High Entropy String",
        "filename": ".secrets.baseline",
        "hashed_secret": "855cd805ab86eea0171550d526c26af1f373deca",
        "is_verified": false,
        "line_number": 517
      },
      {
        "type": "Secret Keyword",
        "filename": ".secrets.baseline",
        "hashed_secret": "855cd805ab86eea0171550d526c26af1f373deca",
        "is_verified": false,
        "line_number": 517
      },
      {
        "type": "Hex High Entropy String",
        "filename": ".secrets.baseline",
        "hashed_secret": "d01fa9bd94b04be59d87b6d1d427820e1e7a0e32",
        "is_verified": false,
        "line_number": 531
      },
      {
        "type": "Secret Keyword",
        "filename": ".secrets.baseline",
        "hashed_secret": "d01fa9bd94b04be59d87b6d1d427820e1e7a0e32",
        "is_verified": false,
        "line_number": 531
      },
      {
        "type": "Hex High Entropy String",
        "filename": ".secrets.baseline",
        "hashed_secret": "728f51818ed46b5c972a46b1c21d76f70eebf5b5",
        "is_verified": false,
        "line_number": 545
      },
      {
        "type": "Secret Keyword",
        "filename": ".secrets.baseline",
        "hashed_secret": "728f51818ed46b5c972a46b1c21d76f70eebf5b5",
        "is_verified": false,
        "line_number": 545
      },
      {
        "type": "Hex High Entropy String",
        "filename": ".secrets.baseline",
        "hashed_secret": "d1a5a18eb36aec6ed9dcf03a1eba946a5d02eaaf",
        "is_verified": false,
        "line_number": 559
      },
      {
        "type": "Secret Keyword",
        "filename": ".secrets.baseline",
        "hashed_secret": "d1a5a18eb36aec6ed9dcf03a1eba946a5d02eaaf",
        "is_verified": false,
        "line_number": 559
      },
      {
        "type": "Hex High Entropy String",
        "filename": ".secrets.baseline",
        "hashed_secret": "a4a531c0559c5f37edfa7270616b4037874775ca",
        "is_verified": false,
        "line_number": 573
      },
      {
        "type": "Secret Keyword",
        "filename": ".secrets.baseline",
        "hashed_secret": "a4a531c0559c5f37edfa7270616b4037874775ca",
        "is_verified": false,
        "line_number": 573
      },
      {
        "type": "Hex High Entropy String",
        "filename": ".secrets.baseline",
        "hashed_secret": "2eec457a2c67d2a7099e8796107d6986bcae7431",
        "is_verified": false,
        "line_number": 587
      },
      {
        "type": "Secret Keyword",
        "filename": ".secrets.baseline",
        "hashed_secret": "2eec457a2c67d2a7099e8796107d6986bcae7431",
        "is_verified": false,
        "line_number": 587
      },
      {
        "type": "Hex High Entropy String",
        "filename": ".secrets.baseline",
        "hashed_secret": "57b545a3d2fbdcd842d04e28be1bbcb46534878a",
        "is_verified": false,
        "line_number": 601
      },
      {
        "type": "Secret Keyword",
        "filename": ".secrets.baseline",
        "hashed_secret": "57b545a3d2fbdcd842d04e28be1bbcb46534878a",
        "is_verified": false,
        "line_number": 601
      },
      {
        "type": "Hex High Entropy String",
        "filename": ".secrets.baseline",
        "hashed_secret": "d657243d855981f006f9705ef66310d29a9da415",
        "is_verified": false,
        "line_number": 615
      },
      {
        "type": "Secret Keyword",
        "filename": ".secrets.baseline",
        "hashed_secret": "d657243d855981f006f9705ef66310d29a9da415",
        "is_verified": false,
        "line_number": 615
      },
      {
        "type": "Hex High Entropy String",
        "filename": ".secrets.baseline",
        "hashed_secret": "04c72e00c4194b7a53408ba79179a910faa4a783",
        "is_verified": false,
        "line_number": 629
      },
      {
        "type": "Secret Keyword",
        "filename": ".secrets.baseline",
        "hashed_secret": "04c72e00c4194b7a53408ba79179a910faa4a783",
        "is_verified": false,
        "line_number": 629
      },
      {
        "type": "Hex High Entropy String",
        "filename": ".secrets.baseline",
        "hashed_secret": "c93ed56a51304ad3973c0e0bdbefb29336f2a808",
        "is_verified": false,
        "line_number": 643
      },
      {
        "type": "Secret Keyword",
        "filename": ".secrets.baseline",
        "hashed_secret": "c93ed56a51304ad3973c0e0bdbefb29336f2a808",
        "is_verified": false,
        "line_number": 643
      },
      {
        "type": "Hex High Entropy String",
        "filename": ".secrets.baseline",
        "hashed_secret": "12a7316e389fcb1c090954ae7940a69140bebfbe",
        "is_verified": false,
        "line_number": 657
      },
      {
        "type": "Secret Keyword",
        "filename": ".secrets.baseline",
        "hashed_secret": "12a7316e389fcb1c090954ae7940a69140bebfbe",
        "is_verified": false,
        "line_number": 657
      },
      {
        "type": "Hex High Entropy String",
        "filename": ".secrets.baseline",
        "hashed_secret": "c4630d05ac3ffd099fdb02373ca70ac9ac183930",
        "is_verified": false,
        "line_number": 671
      },
      {
        "type": "Secret Keyword",
        "filename": ".secrets.baseline",
        "hashed_secret": "c4630d05ac3ffd099fdb02373ca70ac9ac183930",
        "is_verified": false,
        "line_number": 671
      },
      {
        "type": "Hex High Entropy String",
        "filename": ".secrets.baseline",
        "hashed_secret": "e9ab159a04c68da0eeb0dbc93f335fc130bcb59a",
        "is_verified": false,
        "line_number": 685
      },
      {
        "type": "Secret Keyword",
        "filename": ".secrets.baseline",
        "hashed_secret": "e9ab159a04c68da0eeb0dbc93f335fc130bcb59a",
        "is_verified": false,
        "line_number": 685
      },
      {
        "type": "Hex High Entropy String",
        "filename": ".secrets.baseline",
        "hashed_secret": "cd2b8d8a123763d633f618cbd3a2f61ea26d3b91",
        "is_verified": false,
        "line_number": 699
      },
      {
        "type": "Secret Keyword",
        "filename": ".secrets.baseline",
        "hashed_secret": "cd2b8d8a123763d633f618cbd3a2f61ea26d3b91",
        "is_verified": false,
        "line_number": 699
      },
      {
        "type": "Hex High Entropy String",
        "filename": ".secrets.baseline",
        "hashed_secret": "b7bbdf0060124913cc7a8af88feb485574ba14b0",
        "is_verified": false,
        "line_number": 713
      },
      {
        "type": "Secret Keyword",
        "filename": ".secrets.baseline",
        "hashed_secret": "b7bbdf0060124913cc7a8af88feb485574ba14b0",
        "is_verified": false,
        "line_number": 713
      },
      {
        "type": "Hex High Entropy String",
        "filename": ".secrets.baseline",
        "hashed_secret": "b86cea9fa301e527737e21f061ef7874f9878f1d",
        "is_verified": false,
        "line_number": 727
      },
      {
        "type": "Secret Keyword",
        "filename": ".secrets.baseline",
        "hashed_secret": "b86cea9fa301e527737e21f061ef7874f9878f1d",
        "is_verified": false,
        "line_number": 727
      },
      {
        "type": "Hex High Entropy String",
        "filename": ".secrets.baseline",
        "hashed_secret": "26ad27205535091f303328ca914909b1f76bb40a",
        "is_verified": false,
        "line_number": 741
      },
      {
        "type": "Secret Keyword",
        "filename": ".secrets.baseline",
        "hashed_secret": "26ad27205535091f303328ca914909b1f76bb40a",
        "is_verified": false,
        "line_number": 741
      },
      {
        "type": "Hex High Entropy String",
        "filename": ".secrets.baseline",
        "hashed_secret": "5f0c22d751f4c0cfc626f759fe0597132ca492b9",
        "is_verified": false,
        "line_number": 755
      },
      {
        "type": "Secret Keyword",
        "filename": ".secrets.baseline",
        "hashed_secret": "5f0c22d751f4c0cfc626f759fe0597132ca492b9",
        "is_verified": false,
        "line_number": 755
      },
      {
        "type": "Hex High Entropy String",
        "filename": ".secrets.baseline",
        "hashed_secret": "b005aa1392e81827e966f88824ac121e032d5ba5",
        "is_verified": false,
        "line_number": 769
      },
      {
        "type": "Secret Keyword",
        "filename": ".secrets.baseline",
        "hashed_secret": "b005aa1392e81827e966f88824ac121e032d5ba5",
        "is_verified": false,
        "line_number": 769
      },
      {
        "type": "Hex High Entropy String",
        "filename": ".secrets.baseline",
        "hashed_secret": "ac4941a8e0b540c0b2f2843f8888215d2ac41f58",
        "is_verified": false,
        "line_number": 783
      },
      {
        "type": "Secret Keyword",
        "filename": ".secrets.baseline",
        "hashed_secret": "ac4941a8e0b540c0b2f2843f8888215d2ac41f58",
        "is_verified": false,
        "line_number": 783
      },
      {
        "type": "Hex High Entropy String",
        "filename": ".secrets.baseline",
        "hashed_secret": "6c518e83a60f382ee7d7ad23f66b74088855d07e",
        "is_verified": false,
        "line_number": 797
      },
      {
        "type": "Secret Keyword",
        "filename": ".secrets.baseline",
        "hashed_secret": "6c518e83a60f382ee7d7ad23f66b74088855d07e",
        "is_verified": false,
        "line_number": 797
      },
      {
        "type": "Hex High Entropy String",
        "filename": ".secrets.baseline",
        "hashed_secret": "b75126f546248a0f27c3ff91bfdcf64a7d6ef51c",
        "is_verified": false,
        "line_number": 811
      },
      {
        "type": "Secret Keyword",
        "filename": ".secrets.baseline",
        "hashed_secret": "b75126f546248a0f27c3ff91bfdcf64a7d6ef51c",
        "is_verified": false,
        "line_number": 811
      },
      {
        "type": "Hex High Entropy String",
        "filename": ".secrets.baseline",
        "hashed_secret": "300ac668c782c666a9de0f2ccb59cea082255b5d",
        "is_verified": false,
        "line_number": 827
      },
      {
        "type": "Secret Keyword",
        "filename": ".secrets.baseline",
        "hashed_secret": "300ac668c782c666a9de0f2ccb59cea082255b5d",
        "is_verified": false,
        "line_number": 827
      },
      {
        "type": "Hex High Entropy String",
        "filename": ".secrets.baseline",
        "hashed_secret": "7e18a7e594fab66bcb2f97af373228c8dae5c196",
        "is_verified": false,
        "line_number": 836
      },
      {
        "type": "Secret Keyword",
        "filename": ".secrets.baseline",
        "hashed_secret": "7e18a7e594fab66bcb2f97af373228c8dae5c196",
        "is_verified": false,
        "line_number": 836
      },
      {
        "type": "Hex High Entropy String",
        "filename": ".secrets.baseline",
        "hashed_secret": "ca4a50d53ed570e4cf5fc99691faebc00b8b6413",
        "is_verified": false,
        "line_number": 845
      },
      {
        "type": "Secret Keyword",
        "filename": ".secrets.baseline",
        "hashed_secret": "ca4a50d53ed570e4cf5fc99691faebc00b8b6413",
        "is_verified": false,
        "line_number": 845
      },
      {
        "type": "Hex High Entropy String",
        "filename": ".secrets.baseline",
        "hashed_secret": "ec4cc7a45c4100cc47f0d6a0f85a9d65b322fe9d",
        "is_verified": false,
        "line_number": 854
      },
      {
        "type": "Secret Keyword",
        "filename": ".secrets.baseline",
        "hashed_secret": "ec4cc7a45c4100cc47f0d6a0f85a9d65b322fe9d",
        "is_verified": false,
        "line_number": 854
      },
      {
        "type": "Hex High Entropy String",
        "filename": ".secrets.baseline",
        "hashed_secret": "95a4935b0cbca84c3e4df17154514b645fb3c825",
        "is_verified": false,
        "line_number": 863
      },
      {
        "type": "Secret Keyword",
        "filename": ".secrets.baseline",
        "hashed_secret": "95a4935b0cbca84c3e4df17154514b645fb3c825",
        "is_verified": false,
        "line_number": 863
      },
      {
        "type": "Hex High Entropy String",
        "filename": ".secrets.baseline",
        "hashed_secret": "e5c9fc0f7f7a0c8912603c401a94f116d31671f2",
        "is_verified": false,
        "line_number": 872
      },
      {
        "type": "Secret Keyword",
        "filename": ".secrets.baseline",
        "hashed_secret": "e5c9fc0f7f7a0c8912603c401a94f116d31671f2",
        "is_verified": false,
        "line_number": 872
      },
      {
        "type": "Hex High Entropy String",
        "filename": ".secrets.baseline",
        "hashed_secret": "93cde9662970b3a7d1b2059b64deebad529e26db",
        "is_verified": false,
        "line_number": 881
      },
      {
        "type": "Secret Keyword",
        "filename": ".secrets.baseline",
        "hashed_secret": "93cde9662970b3a7d1b2059b64deebad529e26db",
        "is_verified": false,
        "line_number": 881
      },
      {
        "type": "Hex High Entropy String",
        "filename": ".secrets.baseline",
        "hashed_secret": "c4304cc635ca7974acab63d65f6d2d0487c30160",
        "is_verified": false,
        "line_number": 940
      },
      {
        "type": "Secret Keyword",
        "filename": ".secrets.baseline",
        "hashed_secret": "c4304cc635ca7974acab63d65f6d2d0487c30160",
        "is_verified": false,
        "line_number": 940
      },
      {
        "type": "Hex High Entropy String",
        "filename": ".secrets.baseline",
        "hashed_secret": "5eba19642b82416fe7f27f5661f4eb85036bdc2c",
        "is_verified": false,
        "line_number": 949
      },
      {
        "type": "Secret Keyword",
        "filename": ".secrets.baseline",
        "hashed_secret": "5eba19642b82416fe7f27f5661f4eb85036bdc2c",
        "is_verified": false,
        "line_number": 949
      },
      {
        "type": "Hex High Entropy String",
        "filename": ".secrets.baseline",
        "hashed_secret": "67ddf6357c9ade3d11f39502f6cff33af4182402",
        "is_verified": false,
        "line_number": 956
      },
      {
        "type": "Secret Keyword",
        "filename": ".secrets.baseline",
        "hashed_secret": "67ddf6357c9ade3d11f39502f6cff33af4182402",
        "is_verified": false,
        "line_number": 956
      },
      {
        "type": "Hex High Entropy String",
        "filename": ".secrets.baseline",
        "hashed_secret": "ca34bde740d3d8372eabbd7bed11dd9c62a960cc",
        "is_verified": false,
        "line_number": 965
      },
      {
        "type": "Secret Keyword",
        "filename": ".secrets.baseline",
        "hashed_secret": "ca34bde740d3d8372eabbd7bed11dd9c62a960cc",
        "is_verified": false,
        "line_number": 965
      }
    ],
    "agents/grant-compliance/.env.example": [
      {
        "type": "Basic Auth Credentials",
        "filename": "agents/grant-compliance/.env.example",
        "hashed_secret": "9d4e1e23bd5b727046a9e3b4b7db57bd8d6ee684",
        "is_verified": false,
        "line_number": 4
      }
    ],
    "agents/grant-compliance/alembic/versions/7c1fa8b3d2e4_add_attachment_count_to_transactions.py": [
      {
        "type": "Hex High Entropy String",
        "filename": "agents/grant-compliance/alembic/versions/7c1fa8b3d2e4_add_attachment_count_to_transactions.py",
        "hashed_secret": "bc182b02962753380001dbdf761fc9f1e9c465ee",
        "is_verified": false,
        "line_number": 19
      }
    ],
    "agents/grant-compliance/alembic/versions/8d2b4a91c0f7_add_last_scanned_at_to_transactions.py": [
      {
        "type": "Hex High Entropy String",
        "filename": "agents/grant-compliance/alembic/versions/8d2b4a91c0f7_add_last_scanned_at_to_transactions.py",
        "hashed_secret": "5bbb34f98a3a85b3982893466a2d89f24c1e4de3",
        "is_verified": false,
        "line_number": 21
      }
    ],
    "agents/grant-compliance/alembic/versions/a3f81cd7e22b_add_compliance_requirements_tables.py": [
      {
        "type": "Hex High Entropy String",
        "filename": "agents/grant-compliance/alembic/versions/a3f81cd7e22b_add_compliance_requirements_tables.py",
        "hashed_secret": "958a401ce50188277a565cd57da530f7b6b6a4bd",
        "is_verified": false,
        "line_number": 24
      }
    ],
    "agents/grant-compliance/alembic/versions/b51e9d3a8c14_add_contracts_inventory_tables.py": [
      {
        "type": "Hex High Entropy String",
        "filename": "agents/grant-compliance/alembic/versions/b51e9d3a8c14_add_contracts_inventory_tables.py",
        "hashed_secret": "ea4de89149ec206f5a4b52bb6a332917aac795cc",
        "is_verified": false,
        "line_number": 25
      }
    ],
    "agents/grant-compliance/alembic/versions/e935de2c6a04_initial_schema.py": [
      {
        "type": "Hex High Entropy String",
        "filename": "agents/grant-compliance/alembic/versions/e935de2c6a04_initial_schema.py",
        "hashed_secret": "7654449bd66de3fd6f7c3c72aad5001e45029d29",
        "is_verified": false,
        "line_number": 15
      }
    ],
    "agents/grant-compliance/tests/test_audit.py": [
      {
        "type": "Secret Keyword",
        "filename": "agents/grant-compliance/tests/test_audit.py",
        "hashed_secret": "8080b8805cd07c7563a83d59de6cb15f6050a041",
        "is_verified": false,
        "line_number": 41
      }
    ],
    "agents/grant-compliance/tests/test_dimension_readiness.py": [
      {
        "type": "Hex High Entropy String",
        "filename": "agents/grant-compliance/tests/test_dimension_readiness.py",
        "hashed_secret": "5bbb34f98a3a85b3982893466a2d89f24c1e4de3",
        "is_verified": false,
        "line_number": 110
      },
      {
        "type": "Hex High Entropy String",
        "filename": "agents/grant-compliance/tests/test_dimension_readiness.py",
        "hashed_secret": "bc182b02962753380001dbdf761fc9f1e9c465ee",
        "is_verified": false,
        "line_number": 111
      }
    ],
    "agents/grant-compliance/tests/test_transaction_attachments.py": [
      {
        "type": "Hex High Entropy String",
        "filename": "agents/grant-compliance/tests/test_transaction_attachments.py",
        "hashed_secret": "bc182b02962753380001dbdf761fc9f1e9c465ee",
        "is_verified": false,
        "line_number": 268
      }
    ],
    "docker-compose.dev.yml": [
      {
        "type": "Secret Keyword",
        "filename": "docker-compose.dev.yml",
        "hashed_secret": "203e0ee53fd19962fd80dee43531812e113e6938",
        "is_verified": false,
        "line_number": 32
      }
    ],
    "docs/database/wfdos-schema-inventory.md": [
      {
        "type": "Secret Keyword",
        "filename": "docs/database/wfdos-schema-inventory.md",
        "hashed_secret": "203e0ee53fd19962fd80dee43531812e113e6938",
        "is_verified": false,
        "line_number": 117
      },
      {
        "type": "Basic Auth Credentials",
        "filename": "docs/database/wfdos-schema-inventory.md",
        "hashed_secret": "203e0ee53fd19962fd80dee43531812e113e6938",
        "is_verified": false,
        "line_number": 129
      }
    ],
    "packages/wfdos-common/tests/test_auth.py": [
      {
        "type": "Secret Keyword",
        "filename": "packages/wfdos-common/tests/test_auth.py",
        "hashed_secret": "4af8a25eb1244eb23efe2db258eb9b41f0bb57b5",
        "is_verified": false,
        "line_number": 63
      }
    ],
    "packages/wfdos-common/tests/test_laborpulse.py": [
      {
        "type": "Secret Keyword",
        "filename": "packages/wfdos-common/tests/test_laborpulse.py",
        "hashed_secret": "996e35de57a02b8c71534fb9bcbf1dafc3cd6f69",
        "is_verified": false,
        "line_number": 36
      },
      {
        "type": "Secret Keyword",
        "filename": "packages/wfdos-common/tests/test_laborpulse.py",
        "hashed_secret": "4136a771b69c092ff42aa6115afbc9160e5353c9",
        "is_verified": false,
        "line_number": 158
      }
    ],
    "scripts/phase_a_ingest_elpaso_jobs.py": [
      {
        "type": "Secret Keyword",
        "filename": "scripts/phase_a_ingest_elpaso_jobs.py",
        "hashed_secret": "6514b69a15b1c4855bc6878d00f21c408929b1e9",
        "is_verified": false,
        "line_number": 51
      }
    ],
    "scripts/phase_a_parse_cohort1_resumes.py": [
      {
        "type": "Secret Keyword",
        "filename": "scripts/phase_a_parse_cohort1_resumes.py",
        "hashed_secret": "6514b69a15b1c4855bc6878d00f21c408929b1e9",
        "is_verified": false,
        "line_number": 44
      }
    ],
    "scripts/recalculate_profile_completeness.py": [
      {
        "type": "Secret Keyword",
        "filename": "scripts/recalculate_profile_completeness.py",
        "hashed_secret": "6514b69a15b1c4855bc6878d00f21c408929b1e9",
        "is_verified": false,
        "line_number": 59
      }
    ]
  },
  "generated_at": "2026-05-01T17:08:15Z"
}
